OpenBSD 7.0-current (GENERIC.MP) #0: Sun Oct 24 09:44:52 CEST 2021
    hans@pi3.stare.cz:/usr/src/sys/arch/arm64/compile/GENERIC.MP
real mem  = 970907648 (925MB)
avail mem = 908578816 (866MB)
random: good seed from bootblocks
mainbus0 at root: Raspberry Pi 3 Model B Plus Rev 1.3
cpu0 at mainbus0 mpidr 0: ARM Cortex-A53 r0p4
cpu0: 32KB 64b/line 2-way L1 VIPT I-cache, 32KB 64b/line 4-way L1 D-cache
cpu0: 512KB 64b/line 16-way L2 cache
cpu0: CRC32,ASID16
cpu1 at mainbus0 mpidr 1: ARM Cortex-A53 r0p4
cpu1: 32KB 64b/line 2-way L1 VIPT I-cache, 32KB 64b/line 4-way L1 D-cache
cpu1: 512KB 64b/line 16-way L2 cache
cpu1: CRC32,ASID16
cpu2 at mainbus0 mpidr 2: ARM Cortex-A53 r0p4
cpu2: 32KB 64b/line 2-way L1 VIPT I-cache, 32KB 64b/line 4-way L1 D-cache
cpu2: 512KB 64b/line 16-way L2 cache
cpu2: CRC32,ASID16
cpu3 at mainbus0 mpidr 3: ARM Cortex-A53 r0p4
cpu3: 32KB 64b/line 2-way L1 VIPT I-cache, 32KB 64b/line 4-way L1 D-cache
cpu3: 512KB 64b/line 16-way L2 cache
cpu3: CRC32,ASID16
efi0 at mainbus0: UEFI 2.8
efi0: Das U-Boot rev 0x20211000
apm0 at mainbus0
simplefb0 at mainbus0: 1360x768, 32bpp
wsdisplay0 at simplefb0 mux 1: console (std, vt100 emulation)
wsdisplay0: screen 1-5 added (std, vt100 emulation)
"system" at mainbus0 not configured
"axi" at mainbus0 not configured
simplebus0 at mainbus0: "soc"
bcmclock0 at simplebus0
bcmmbox0 at simplebus0
bcmgpio0 at simplebus0
bcmaux0 at simplebus0
bcmdmac0 at simplebus0: DMA0 DMA2 DMA4 DMA5 DMA8 DMA9 DMA10
bcmintc0 at simplebus0
pluart0 at simplebus0
bcmsdhost0 at simplebus0: 250 MHz base clock
sdmmc0 at bcmsdhost0: 4-bit, sd high-speed, mmc high-speed, dma
dwctwo0 at simplebus0
bcmdog0 at simplebus0
bcmrng0 at simplebus0
bcmtemp0 at simplebus0
"local_intc" at simplebus0 not configured
sdhc0 at simplebus0
sdhc0: SDHC 3.0, 200 MHz base clock
sdmmc1 at sdhc0: 4-bit, sd high-speed, mmc high-speed
"firmware" at simplebus0 not configured
"power" at simplebus0 not configured
"mailbox" at simplebus0 not configured
"gpiomem" at simplebus0 not configured
"fb" at simplebus0 not configured
"vcsm" at simplebus0 not configured
"clocks" at mainbus0 not configured
"phy" at mainbus0 not configured
"arm-pmu" at mainbus0 not configured
agtimer0 at mainbus0: 19200 kHz
gpioleds0 at mainbus0: no LEDs
"fixedregulator_3v3" at mainbus0 not configured
"fixedregulator_5v0" at mainbus0 not configured
"bootloader" at mainbus0 not configured
dt: 445 probes
usb0 at dwctwo0: USB revision 2.0
scsibus0 at sdmmc0: 2 targets, initiator 0
sd0 at scsibus0 targ 1 lun 0: <SD/MMC, SD32G, 0060> removable
sd0: 29620MB, 512 bytes/sector, 60661760 sectors
uhub0 at usb0 configuration 1 interface 0 "Broadcom DWC2 root hub" rev 2.00/1.00 addr 1
uhub1 at uhub0 port 1 configuration 1 interface 0 "Standard Microsystems product 0x2514" rev 2.00/b.b3 addr 2
bwfm0 at sdmmc1 function 1
manufacturer 0x02d0, product 0xa9a6 at sdmmc1 function 2 not configured
manufacturer 0x02d0, product 0xa9a6 at sdmmc1 function 3 not configured
uhub2 at uhub1 port 1 configuration 1 interface 0 "Standard Microsystems product 0x2514" rev 2.00/b.b3 addr 3
uhidev0 at uhub2 port 3 configuration 1 interface 0 "Chicony USB Keyboard" rev 1.10/1.02 addr 4
uhidev0: iclass 3/1
ukbd0 at uhidev0: 8 variable keys, 6 key codes
wskbd0 at ukbd0: console keyboard, using wsdisplay0
uhidev1 at uhub2 port 3 configuration 1 interface 1 "Chicony USB Keyboard" rev 1.10/1.02 addr 4
uhidev1: iclass 3/0, 3 report ids
uhid0 at uhidev1 reportid 1: input=1, output=0, feature=0
uhid1 at uhidev1 reportid 2: input=1, output=0, feature=2
ucc0 at uhidev1 reportid 3: 4 usages, 4 keys, array
wskbd1 at ucc0 mux 1
wskbd1: connecting to wsdisplay0
vscsi0 at root
scsibus1 at vscsi0: 256 targets
softraid0 at root
scsibus2 at softraid0: 256 targets
root on sd0a (9516848a3580eb2a.a) swap on sd0b dump on sd0b
WARNING: CHECK AND RESET THE DATE!
gpio0 at bcmgpio0: 54 pins
mue0 at uhub2 port 1 configuration 1 interface 0 "Standard Microsystems LAN7800" rev 2.10/3.00 addr 5
mue0: LAN7800, address b8:27:eb:ee:15:12
ukphy0 at mue0 phy 1: Generic IEEE 802.3u media interface, rev. 2: OUI 0x0001f0, model 0x0013
bwfm0: address b8:27:eb:bb:40:47
